[
  {
    "id": 5,
    "listId": 1,
    "listName": "\u5de5\u4f5c",
    "text": "\u5e26\u4f1e",
    "completed": false,
    "dueDate": "2026-11-30",
    "createdAt": "{{now}}"
  },
  {
    "id": 4,
    "listId": 2,
    "listName": "Personal",
    "text": "Prepare demo",
    "completed": false,
    "dueDate": "2026-12-15",
    "dueTime": "14:30",
    "notes": "rehearse twice",
    "createdAt": "{{now}}"
  },
  {
    "id": 2,
    "listId": 1,
    "listName": "\u5de5\u4f5c",
    "text": "\u5199\u5468\u62a5",
    "completed": false,
    "createdAt": "{{now}}"
  },
  {
    "id": 1,
    "listId": 1,
    "listName": "\u5de5\u4f5c",
    "text": "\u4e70\u725b\u5976",
    "completed": false,
    "dueDate": "2026-12-01",
    "dueTime": "10:00",
    "createdAt": "{{now}}"
  }
]
